[root@ip-172-31-53-130 ~]# mkdir devops
[root@ip-172-31-53-130 ~]# cd devops
[root@ip-172-31-53-130 devops]# ls -la
total 0
drwxr-xr-x. 2 root root   6 Jul  5 08:33 .
dr-xr-x---. 4 root root 163 Jul  5 08:33 ..
[root@ip-172-31-53-130 devops]# git init
Initialized empty Git repository in /root/devops/.git/
[root@ip-172-31-53-130 devops]# ls -la
total 0
drwxr-xr-x. 3 root root  18 Jul  5 08:33 .
dr-xr-x---. 4 root root 163 Jul  5 08:33 ..
drwxr-xr-x. 7 root root 119 Jul  5 08:33 .git
[root@ip-172-31-53-130 devops]# vi a.txt
[root@ip-172-31-53-130 devops]# git add a.txt
[root@ip-172-31-53-130 devops]# git commit -m "1st line"
[master (root-commit) 9fa5899] 1st line
 Committer: root <root@ip-172-31-53-130.ec2.internal>
Your name and email address were configured automatically based
on your username and hostname. Please check that they are accurate.
You can suppress this message by setting them explicitly. Run the
following command and follow the instructions in your editor to edit
your configuration file:

    git config --global --edit

After doing this, you may fix the identity used for this commit with:

    git commit --amend --reset-author

 1 file changed, 2 insertions(+)
 create mode 100644 a.txt
[root@ip-172-31-53-130 devops]# ls -la
total 4
drwxr-xr-x. 3 root root  31 Jul  5 08:34 .
dr-xr-x---. 4 root root 163 Jul  5 08:33 ..
-rw-r--r--. 1 root root  22 Jul  5 08:34 a.txt
drwxr-xr-x. 8 root root 166 Jul  5 08:34 .git
[root@ip-172-31-53-130 devops]# ls
a.txt
[root@ip-172-31-53-130 devops]# git ls-files
a.txt
[root@ip-172-31-53-130 devops]# vi a.txt
[root@ip-172-31-53-130 devops]# git stash
Saved working directory and index state WIP on master: 9fa5899 1st line
[root@ip-172-31-53-130 devops]# gitt stash list
-bash: gitt: command not found
[root@ip-172-31-53-130 devops]# git stash list
stash@{0}: WIP on master: 9fa5899 1st line
[root@ip-172-31-53-130 devops]# cat a.txt
this is 1st line:wq!

[root@ip-172-31-53-130 devops]# git show stash@{0}
commit 0a0a7dd2e69d73222888b0f6e4dd1f450fc03fb3 (refs/stash)
Merge: 9fa5899 916fd27
Author: root <root@ip-172-31-53-130.ec2.internal>
Date:   Sun Jul 5 08:35:57 2020 +0000

    WIP on master: 9fa5899 1st line

diff --cc a.txt
index f94a407,f94a407..cf77d02
--- a/a.txt
+++ b/a.txt
@@@ -1,2 -1,2 +1,3 @@@
  this is 1st line:wq!
++This is 2nd line

[root@ip-172-31-53-130 devops]# git stash pop stash@{0}
On branch master
Changes not staged for commit:
  (use "git add <file>..." to update what will be committed)
  (use "git checkout -- <file>..." to discard changes in working directory)

        modified:   a.txt

no changes added to commit (use "git add" and/or "git commit -a")
Dropped stash@{0} (0a0a7dd2e69d73222888b0f6e4dd1f450fc03fb3)
[root@ip-172-31-53-130 devops]# cat a.txt
this is 1st line:wq!
This is 2nd line

[root@ip-172-31-53-130 devops]# git ststua
git: 'ststua' is not a git command. See 'git --help'.

The most similar command is
        status
[root@ip-172-31-53-130 devops]# git status
On branch master
Changes not staged for commit:
  (use "git add <file>..." to update what will be committed)
  (use "git checkout -- <file>..." to discard changes in working directory)

        modified:   a.txt

no changes added to commit (use "git add" and/or "git commit -a")
[root@ip-172-31-53-130 devops]# git stash list
[root@ip-172-31-53-130 devops]# git remote add origin5 https://github.com/abhi1269/Phase1.git
[root@ip-172-31-53-130 devops]# git add a.txt
[root@ip-172-31-53-130 devops]# git commit -m "a.txt"
[master faa8e48] a.txt
 Committer: root <root@ip-172-31-53-130.ec2.internal>
Your name and email address were configured automatically based
on your username and hostname. Please check that they are accurate.
You can suppress this message by setting them explicitly. Run the
following command and follow the instructions in your editor to edit
your configuration file:

    git config --global --edit

After doing this, you may fix the identity used for this commit with:

    git commit --amend --reset-author

 1 file changed, 1 insertion(+)
[root@ip-172-31-53-130 devops]# git push origin5 master
Username for 'https://github.com': abhi1269@gmail.com
Password for 'https://abhi1269@gmail.com@github.com':
Enumerating objects: 6, done.
Counting objects: 100% (6/6), done.
Compressing objects: 100% (2/2), done.
Writing objects: 100% (6/6), 466 bytes | 466.00 KiB/s, done.
Total 6 (delta 0), reused 0 (delta 0)
To https://github.com/abhi1269/Phase1.git
 * [new branch]      master -> master
[root@ip-172-31-53-130 devops]# vi b.txt
[root@ip-172-31-53-130 devops]# git add b.txt
[root@ip-172-31-53-130 devops]# git commit -m "b.txt"
[master 709317b] b.txt
 Committer: root <root@ip-172-31-53-130.ec2.internal>
Your name and email address were configured automatically based
on your username and hostname. Please check that they are accurate.
You can suppress this message by setting them explicitly. Run the
following command and follow the instructions in your editor to edit
your configuration file:

    git config --global --edit

After doing this, you may fix the identity used for this commit with:

    git commit --amend --reset-author

 1 file changed, 1 insertion(+)
 create mode 100644 b.txt
[root@ip-172-31-53-130 devops]# vi b.txt
[root@ip-172-31-53-130 devops]# git push origin5 master
Username for 'https://github.com': abhi1269@gmail.com
Password for 'https://abhi1269@gmail.com@github.com':
Enumerating objects: 4, done.
Counting objects: 100% (4/4), done.
Compressing objects: 100% (2/2), done.
Writing objects: 100% (3/3), 274 bytes | 274.00 KiB/s, done.
Total 3 (delta 0), reused 0 (delta 0)
To https://github.com/abhi1269/Phase1.git
   faa8e48..709317b  master -> master
[root@ip-172-31-53-130 devops]# cat b.txt
1st line
2nd line
[root@ip-172-31-53-130 devops]# vi c.txt
[root@ip-172-31-53-130 devops]# git add c.txt
[root@ip-172-31-53-130 devops]# vi c.txt
[root@ip-172-31-53-130 devops]# git commit -m "1st line"
[master 289df9c] 1st line
 Committer: root <root@ip-172-31-53-130.ec2.internal>
Your name and email address were configured automatically based
on your username and hostname. Please check that they are accurate.
You can suppress this message by setting them explicitly. Run the
following command and follow the instructions in your editor to edit
your configuration file:

    git config --global --edit

After doing this, you may fix the identity used for this commit with:

    git commit --amend --reset-author

 1 file changed, 2 insertions(+)
 create mode 100644 c.txt
[root@ip-172-31-53-130 devops]# git status
On branch master
Changes not staged for commit:
  (use "git add <file>..." to update what will be committed)
  (use "git checkout -- <file>..." to discard changes in working directory)

        modified:   b.txt
        modified:   c.txt

no changes added to commit (use "git add" and/or "git commit -a")
[root@ip-172-31-53-130 devops]# git push origin5 master
Username for 'https://github.com': abhi1269
Password for 'https://abhi1269@github.com':
Enumerating objects: 4, done.
Counting objects: 100% (4/4), done.
Compressing objects: 100% (2/2), done.
Writing objects: 100% (3/3), 307 bytes | 307.00 KiB/s, done.
Total 3 (delta 0), reused 0 (delta 0)
To https://github.com/abhi1269/Phase1.git
   709317b..289df9c  master -> master
[root@ip-172-31-53-130 devops]# cat c.txt
1st line:wq!
2nd line

[root@ip-172-31-53-130 devops]# git statsh
git: 'statsh' is not a git command. See 'git --help'.

The most similar command is
        stash
[root@ip-172-31-53-130 devops]# git stash
Saved working directory and index state WIP on master: 289df9c 1st line
[root@ip-172-31-53-130 devops]# git stash list
stash@{0}: WIP on master: 289df9c 1st line
[root@ip-172-31-53-130 devops]# cat c.txt
1st line:wq!

[root@ip-172-31-53-130 devops]# pwd
/root/devops
[root@ip-172-31-53-130 devops]# cd /root
[root@ip-172-31-53-130 ~]# ls -la
total 36
dr-xr-x---.  4 root root  163 Jul  5 08:33 .
dr-xr-xr-x. 18 root root  236 Apr 23 05:19 ..
-rw-------.  1 root root 6514 Apr 23 05:24 anaconda-ks.cfg
-rw-r--r--.  1 root root   18 Aug 12  2018 .bash_logout
-rw-r--r--.  1 root root  176 Aug 12  2018 .bash_profile
-rw-r--r--.  1 root root  176 Aug 12  2018 .bashrc
-rw-r--r--.  1 root root  100 Aug 12  2018 .cshrc
drwxr-xr-x.  3 root root   57 Jul  5 08:53 devops
-rw-------.  1 root root 6300 Apr 23 05:24 original-ks.cfg
drwx------.  2 root root   29 Jul  5 08:18 .ssh
-rw-r--r--.  1 root root  129 Aug 12  2018 .tcshrc
[root@ip-172-31-53-130 ~]# cd .ssh
[root@ip-172-31-53-130 .ssh]# ls -lrta
total 4
drwx------. 2 root root  29 Jul  5 08:18 .
-rw-------. 1 root root 545 Jul  5 08:18 authorized_keys
dr-xr-x---. 4 root root 163 Jul  5 08:33 ..
[root@ip-172-31-53-130 .ssh]# ssh-keygen
Generating public/private rsa key pair.
Enter file in which to save the key (/root/.ssh/id_rsa):
Enter passphrase (empty for no passphrase):
Enter same passphrase again:
Your identification has been saved in /root/.ssh/id_rsa.
Your public key has been saved in /root/.ssh/id_rsa.pub.
The key fingerprint is:
SHA256:t/+DnMmKa/7Rf78QzZe9+b1OLbcKj61u+eym2aEe81Y root@ip-172-31-53-130.ec2.internal
The key's randomart image is:
+---[RSA 3072]----+
|                 |
|                 |
|                 |
|              o o|
|        S .  . +o|
|         . o  .E=|
|          o*o*o+o|
|        .. =^+=o=|
|       o+o*XO@=BB|
+----[SHA256]-----+
[root@ip-172-31-53-130 .ssh]# ls -la
total 12
drwx------. 2 root root   61 Jul  5 08:55 .
dr-xr-x---. 4 root root  163 Jul  5 08:33 ..
-rw-------. 1 root root  545 Jul  5 08:18 authorized_keys
-rw-------. 1 root root 2622 Jul  5 08:55 id_rsa
-rw-r--r--. 1 root root  588 Jul  5 08:55 id_rsa.pub
[root@ip-172-31-53-130 .ssh]# cat id_rsa.pub
ssh-rsa AAAAB3NzaC1yc2EAAAADAQABAAABgQCmoUWm7pgFEHKcTGi39L6KyfsCyJLUpkVWxTppd9tXZk7QY8/iTW1LH9ar5rTphagYnloNkvMMzmgXaLU73ZU5cw8MJvX9xfTvjc5kbCYuzn0mRVNwpaWL3UPH1xzPD2RgM9kJ4Tuj07nooW2f/P5DPa05xycFW1x5a6anQxBijZO39AJI5SS8vYUELnLeP/PW37JH2Zo3b4Pj8ZB2U3W3hx/1qBhk7A0sxHxekwOvmVwrwUd4ndITjh5u+u99C25QNRJ1pE5eOgmvPoXeWiEWbvkiPRByGZK7I2lrMIh5haxrwzUsPxJcbaAnjT+XxeNBsoH0O7d7bUIaJMDPVNjTllu0FPc3KRW5yyg9ri0RyWg+L8VEyt4fd1gjrOm6EeRfVZBENoMGvfxD9g9OSj+aTpQq04O4nq8p2x9b6njDvvLDg/v3YqBuLxEA8ANMZqWeb0eH68WavcM4NMbhBJFSuEN28yGQKF6sBUThAxSNBZlgDBfSiLVIzC2fJnkGqYs= root@ip-172-31-53-130.ec2.internal
[root@ip-172-31-53-130 .ssh]# git remote set-url origin git@github.com:abhi1269/phase1.git
fatal: not a git repository (or any of the parent directories): .git
[root@ip-172-31-53-130 .ssh]# git remote set-url origin5 git@github.com:abhi1269/phase1.git
fatal: not a git repository (or any of the parent directories): .git
[root@ip-172-31-53-130 .ssh]# git remote set-url origin5 git@github.com:abhi1269/Phase1.git
fatal: not a git repository (or any of the parent directories): .git
[root@ip-172-31-53-130 .ssh]# cd /root
[root@ip-172-31-53-130 ~]# cd devops/
[root@ip-172-31-53-130 devops]# ls
a.txt  b.txt  c.txt
[root@ip-172-31-53-130 devops]# git remote set-url origin5 git@github.com:abhi1269/Phase1.git
[root@ip-172-31-53-130 devops]# vi c.txt
[root@ip-172-31-53-130 devops]# git add c.txt
[root@ip-172-31-53-130 devops]# git commit -m "lines added"
[master 1de0bc3] lines added
 Committer: root <root@ip-172-31-53-130.ec2.internal>
Your name and email address were configured automatically based
on your username and hostname. Please check that they are accurate.
You can suppress this message by setting them explicitly. Run the
following command and follow the instructions in your editor to edit
your configuration file:

    git config --global --edit

After doing this, you may fix the identity used for this commit with:

    git commit --amend --reset-author

 1 file changed, 3 insertions(+), 1 deletion(-)
[root@ip-172-31-53-130 devops]# git push origin5 master
The authenticity of host 'github.com (140.82.113.3)' can't be established.
RSA key fingerprint is SHA256:nThbg6kXUpJWGl7E1IGOCspRomTxdCARLviKw6E5SY8.
Are you sure you want to continue connecting (yes/no/[fingerprint])? y
Please type 'yes', 'no' or the fingerprint: yes
Warning: Permanently added 'github.com,140.82.113.3' (RSA) to the list of known hosts.
Enumerating objects: 5, done.
Counting objects: 100% (5/5), done.
Compressing objects: 100% (2/2), done.
Writing objects: 100% (3/3), 287 bytes | 287.00 KiB/s, done.
Total 3 (delta 1), reused 0 (delta 0)
remote: Resolving deltas: 100% (1/1), completed with 1 local object.
To github.com:abhi1269/Phase1.git
   289df9c..1de0bc3  master -> master
[root@ip-172-31-53-130 devops]# git branch
* master
[root@ip-172-31-53-130 devops]# pwd
/root/devops
[root@ip-172-31-53-130 devops]# git clone https://github.com/abhi1269/phase2.git
Cloning into 'phase2'...
remote: Enumerating objects: 3, done.
remote: Counting objects: 100% (3/3), done.
remote: Total 3 (delta 0), reused 0 (delta 0), pack-reused 0
Unpacking objects: 100% (3/3), done.
[root@ip-172-31-53-130 devops]# ls -la
total 12
drwxr-xr-x. 4 root root  71 Jul  5 09:05 .
dr-xr-x---. 4 root root 163 Jul  5 08:33 ..
-rw-r--r--. 1 root root  39 Jul  5 08:38 a.txt
-rw-r--r--. 1 root root   9 Jul  5 08:53 b.txt
-rw-r--r--. 1 root root  39 Jul  5 09:02 c.txt
drwxr-xr-x. 8 root root 183 Jul  5 09:02 .git
drwxr-xr-x. 3 root root  35 Jul  5 09:05 phase2
[root@ip-172-31-53-130 devops]# cd phase2
[root@ip-172-31-53-130 phase2]# ls -la
total 4
drwxr-xr-x. 3 root root  35 Jul  5 09:05 .
drwxr-xr-x. 4 root root  71 Jul  5 09:05 ..
drwxr-xr-x. 8 root root 163 Jul  5 09:05 .git
-rw-r--r--. 1 root root  16 Jul  5 09:05 README.md
[root@ip-172-31-53-130 phase2]# vi d.txt
[root@ip-172-31-53-130 phase2]# git add d.txt
[root@ip-172-31-53-130 phase2]# git commit -m "newly created"
[master 7834159] newly created
 Committer: root <root@ip-172-31-53-130.ec2.internal>
Your name and email address were configured automatically based
on your username and hostname. Please check that they are accurate.
You can suppress this message by setting them explicitly. Run the
following command and follow the instructions in your editor to edit
your configuration file:

    git config --global --edit

After doing this, you may fix the identity used for this commit with:

    git commit --amend --reset-author

 1 file changed, 2 insertions(+)
 create mode 100644 d.txt
[root@ip-172-31-53-130 phase2]# git push orinin5 master
fatal: 'orinin5' does not appear to be a git repository
fatal: Could not read from remote repository.

Please make sure you have the correct access rights
and the repository exists.
[root@ip-172-31-53-130 phase2]# git push origin5 master
fatal: 'origin5' does not appear to be a git repository
fatal: Could not read from remote repository.

Please make sure you have the correct access rights
and the repository exists.
[root@ip-172-31-53-130 phase2]# git push origin
Username for 'https://github.com': abhi1269
Password for 'https://abhi1269@github.com':
[root@ip-172-31-53-130 phase2]# git push origin master
Username for 'https://github.com': abhi1269
Password for 'https://abhi1269@github.com':
Enumerating objects: 4, done.
Counting objects: 100% (4/4), done.
Compressing objects: 100% (2/2), done.
Writing objects: 100% (3/3), 299 bytes | 299.00 KiB/s, done.
Total 3 (delta 0), reused 0 (delta 0)
To https://github.com/abhi1269/phase2.git
   69afc12..7834159  master -> master
[root@ip-172-31-53-130 phase2]# vi d.txt
[root@ip-172-31-53-130 phase2]# git add d.txt
[root@ip-172-31-53-130 phase2]# git commit -m "edited"
[master 7fa4b08] edited
 Committer: root <root@ip-172-31-53-130.ec2.internal>
Your name and email address were configured automatically based
on your username and hostname. Please check that they are accurate.
You can suppress this message by setting them explicitly. Run the
following command and follow the instructions in your editor to edit
your configuration file:

    git config --global --edit

After doing this, you may fix the identity used for this commit with:

    git commit --amend --reset-author

 1 file changed, 1 insertion(+)
[root@ip-172-31-53-130 phase2]# git push origin master
Username for 'https://github.com': abhi1269
Password for 'https://abhi1269@github.com':
To https://github.com/abhi1269/phase2.git
 ! [rejected]        master -> master (fetch first)
error: failed to push some refs to 'https://github.com/abhi1269/phase2.git'
hint: Updates were rejected because the remote contains work that you do
hint: not have locally. This is usually caused by another repository pushing
hint: to the same ref. You may want to first integrate the remote changes
hint: (e.g., 'git pull ...') before pushing again.
hint: See the 'Note about fast-forwards' in 'git push --help' for details.
[root@ip-172-31-53-130 phase2]# git pull origin
remote: Enumerating objects: 5, done.
remote: Counting objects: 100% (5/5), done.
remote: Compressing objects: 100% (2/2), done.
remote: Total 3 (delta 0), reused 0 (delta 0), pack-reused 0
Unpacking objects: 100% (3/3), done.
From https://github.com/abhi1269/phase2
   7834159..251d977  master     -> origin/master
Auto-merging d.txt
CONFLICT (content): Merge conflict in d.txt
Automatic merge failed; fix conflicts and then commit the result.
[root@ip-172-31-53-130 phase2]# vi d.txt
[root@ip-172-31-53-130 phase2]# git add d.txt
[root@ip-172-31-53-130 phase2]# git commit -m "edited1"
[master 62effa6] edited1
 Committer: root <root@ip-172-31-53-130.ec2.internal>
Your name and email address were configured automatically based
on your username and hostname. Please check that they are accurate.
You can suppress this message by setting them explicitly. Run the
following command and follow the instructions in your editor to edit
your configuration file:

    git config --global --edit

After doing this, you may fix the identity used for this commit with:

    git commit --amend --reset-author

[root@ip-172-31-53-130 phase2]# git push origin master
Username for 'https://github.com': abhi1269
Password for 'https://abhi1269@github.com':
Enumerating objects: 10, done.
Counting objects: 100% (10/10), done.
Compressing objects: 100% (5/5), done.
Writing objects: 100% (6/6), 615 bytes | 615.00 KiB/s, done.
Total 6 (delta 0), reused 0 (delta 0)
To https://github.com/abhi1269/phase2.git
   251d977..62effa6  master -> master
[root@ip-172-31-53-130 phase2]# ls -a
.  ..  d.txt  .git  README.md
[root@ip-172-31-53-130 phase2]# git s.txt
git: 's.txt' is not a git command. See 'git --help'.
[root@ip-172-31-53-130 phase2]# vi s.txt
[root@ip-172-31-53-130 phase2]# git add s.txt
[root@ip-172-31-53-130 phase2]# git commit -m "s file"
[master 61977e4] s file
 Committer: root <root@ip-172-31-53-130.ec2.internal>
Your name and email address were configured automatically based
on your username and hostname. Please check that they are accurate.
You can suppress this message by setting them explicitly. Run the
following command and follow the instructions in your editor to edit
your configuration file:

    git config --global --edit

After doing this, you may fix the identity used for this commit with:

    git commit --amend --reset-author

 1 file changed, 3 insertions(+)
 create mode 100644 s.txt
[root@ip-172-31-53-130 phase2]# git push origin master
Username for 'https://github.com': abhi1269
Password for 'https://abhi1269@github.com':
To https://github.com/abhi1269/phase2.git
 ! [rejected]        master -> master (fetch first)
error: failed to push some refs to 'https://github.com/abhi1269/phase2.git'
hint: Updates were rejected because the remote contains work that you do
hint: not have locally. This is usually caused by another repository pushing
hint: to the same ref. You may want to first integrate the remote changes
hint: (e.g., 'git pull ...') before pushing again.
hint: See the 'Note about fast-forwards' in 'git push --help' for details.
[root@ip-172-31-53-130 phase2]# ls
d.txt  README.md  s.txt
[root@ip-172-31-53-130 phase2]# git pull origin
remote: Enumerating objects: 4, done.
remote: Counting objects: 100% (4/4), done.
remote: Compressing objects: 100% (2/2), done.
remote: Total 3 (delta 0), reused 0 (delta 0), pack-reused 0
Unpacking objects: 100% (3/3), done.
From https://github.com/abhi1269/phase2
   62effa6..91bc0ba  master     -> origin/master
Merge made by the 'recursive' strategy.
 e.txt | 2 ++
 1 file changed, 2 insertions(+)
 create mode 100644 e.txt
[root@ip-172-31-53-130 phase2]# ls
d.txt  e.txt  README.md  s.txt
[root@ip-172-31-53-130 phase2]# git push origin master
Username for 'https://github.com': abhi1269
Password for 'https://abhi1269@github.com':
Enumerating objects: 7, done.
Counting objects: 100% (7/7), done.
Compressing objects: 100% (4/4), done.
Writing objects: 100% (5/5), 517 bytes | 517.00 KiB/s, done.
Total 5 (delta 2), reused 0 (delta 0)
remote: Resolving deltas: 100% (2/2), completed with 1 local object.
To https://github.com/abhi1269/phase2.git
   91bc0ba..06c3313  master -> master
[root@ip-172-31-53-130 phase2]# git branch
* master
[root@ip-172-31-53-130 phase2]# git pull origin
remote: Enumerating objects: 5, done.
remote: Counting objects: 100% (5/5), done.
remote: Compressing objects: 100% (3/3), done.
Unpacking objects: 100% (4/4), done.
remote: Total 4 (delta 1), reused 0 (delta 0), pack-reused 0
From https://github.com/abhi1269/phase2
   06c3313..6a88ef3  master           -> origin/master
 * [new branch]      abhi1269-patch-1 -> origin/abhi1269-patch-1
Updating 06c3313..6a88ef3
Fast-forward
 f.txt | 1 +
 1 file changed, 1 insertion(+)
 create mode 100644 f.txt
[root@ip-172-31-53-130 phase2]# git branch
* master
[root@ip-172-31-53-130 phase2]# ls
d.txt  e.txt  f.txt  README.md  s.txt
[root@ip-172-31-53-130 phase2]# git branch
* master
[root@ip-172-31-53-130 phase2]# git branch b1
[root@ip-172-31-53-130 phase2]# git checkout b1
Switched to branch 'b1'
[root@ip-172-31-53-130 phase2]# git branch
* b1
  master
[root@ip-172-31-53-130 phase2]# ls
d.txt  e.txt  f.txt  README.md  s.txt
[root@ip-172-31-53-130 phase2]# vi t.txt
[root@ip-172-31-53-130 phase2]# git add t.txt
[root@ip-172-31-53-130 phase2]# git commit -m 't"
> ^C
[root@ip-172-31-53-130 phase2]# git commit -m "t"
[b1 2e2495a] t
 Committer: root <root@ip-172-31-53-130.ec2.internal>
Your name and email address were configured automatically based
on your username and hostname. Please check that they are accurate.
You can suppress this message by setting them explicitly. Run the
following command and follow the instructions in your editor to edit
your configuration file:

    git config --global --edit

After doing this, you may fix the identity used for this commit with:

    git commit --amend --reset-author

 1 file changed, 2 insertions(+)
 create mode 100644 t.txt
[root@ip-172-31-53-130 phase2]# git push origin b1
Username for 'https://github.com': abhi1269
Password for 'https://abhi1269@github.com':
Enumerating objects: 4, done.
Counting objects: 100% (4/4), done.
Compressing objects: 100% (2/2), done.
Writing objects: 100% (3/3), 275 bytes | 275.00 KiB/s, done.
Total 3 (delta 1), reused 0 (delta 0)
remote: Resolving deltas: 100% (1/1), completed with 1 local object.
remote:
remote: Create a pull request for 'b1' on GitHub by visiting:
remote:      https://github.com/abhi1269/phase2/pull/new/b1
remote:
To https://github.com/abhi1269/phase2.git
 * [new branch]      b1 -> b1
[root@ip-172-31-53-130 phase2]#
[root@ip-172-31-53-130 phase2]#
