
Last login: Sun Jul  5 14:05:08 2020 from 183.87.152.221
[ec2-user@ip-172-31-53-130 ~]$
[ec2-user@ip-172-31-53-130 ~]$ pwd
/home/ec2-user
[ec2-user@ip-172-31-53-130 ~]$ sudo su -
Last login: Sun Jul  5 14:05:24 UTC 2020 on pts/0
[root@ip-172-31-53-130 ~]# date
Sun Jul  5 16:55:05 UTC 2020
[root@ip-172-31-53-130 ~]#
[root@ip-172-31-53-130 ~]# pwd
/root
[root@ip-172-31-53-130 ~]# mkdir
mkdir: missing operand
Try 'mkdir --help' for more information.
[root@ip-172-31-53-130 ~]#
[root@ip-172-31-53-130 ~]#
[root@ip-172-31-53-130 ~]#
[root@ip-172-31-53-130 ~]# pwd
/root
[root@ip-172-31-53-130 ~]# mkdir d1
[root@ip-172-31-53-130 ~]# ls -la
total 40
dr-xr-x---.  5 root root  194 Jul  5 18:21 .
dr-xr-xr-x. 18 root root  236 Apr 23 05:19 ..
-rw-------.  1 root root 6514 Apr 23 05:24 anaconda-ks.cfg
-rw-------.  1 root root 1215 Jul  5 15:07 .bash_history
-rw-r--r--.  1 root root   18 Aug 12  2018 .bash_logout
-rw-r--r--.  1 root root  176 Aug 12  2018 .bash_profile
-rw-r--r--.  1 root root  176 Aug 12  2018 .bashrc
-rw-r--r--.  1 root root  100 Aug 12  2018 .cshrc
drwxr-xr-x.  2 root root    6 Jul  5 18:21 d1
drwxr-xr-x.  4 root root   45 Jul  5 12:32 devops
-rw-------.  1 root root 6300 Apr 23 05:24 original-ks.cfg
drwx------.  2 root root   80 Jul  5 09:03 .ssh
-rw-r--r--.  1 root root  129 Aug 12  2018 .tcshrc
[root@ip-172-31-53-130 ~]# cd d1
[root@ip-172-31-53-130 d1]# ls -la
total 0
drwxr-xr-x. 2 root root   6 Jul  5 18:21 .
dr-xr-x---. 5 root root 194 Jul  5 18:21 ..
[root@ip-172-31-53-130 d1]# git init
Initialized empty Git repository in /root/d1/.git/
[root@ip-172-31-53-130 d1]# git init
Reinitialized existing Git repository in /root/d1/.git/
[root@ip-172-31-53-130 d1]# ls -la
total 0
drwxr-xr-x. 3 root root  18 Jul  5 18:22 .
dr-xr-x---. 5 root root 194 Jul  5 18:21 ..
drwxr-xr-x. 7 root root 119 Jul  5 18:22 .git
[root@ip-172-31-53-130 d1]# cat > h.txt
This is first line testing
i m here
^Z
[1]+  Stopped                 cat > h.txt
[root@ip-172-31-53-130 d1]# git add h.txt
[root@ip-172-31-53-130 d1]# git commit -m "h"
[master (root-commit) 8fb6269] h
 Committer: root <root@ip-172-31-53-130.ec2.internal>
Your name and email address were configured automatically based
on your username and hostname. Please check that they are accurate.
You can suppress this message by setting them explicitly. Run the
following command and follow the instructions in your editor to edit
your configuration file:

    git config --global --edit

After doing this, you may fix the identity used for this commit with:

    git commit --amend --reset-author

 1 file changed, 2 insertions(+)
 create mode 100644 h.txt
[root@ip-172-31-53-130 d1]# git remote add origin5 https://github.com/abhi1269/Phase1.git
[root@ip-172-31-53-130 d1]# git push origin5
fatal: The current branch master has no upstream branch.
To push the current branch and set the remote as upstream, use

    git push --set-upstream origin5 master

[root@ip-172-31-53-130 d1]# git branch
* master
[root@ip-172-31-53-130 d1]# git status
On branch master
nothing to commit, working tree clean
[root@ip-172-31-53-130 d1]# git push origin5 master
Username for 'https://github.com': abhi1269
Password for 'https://abhi1269@github.com':
To https://github.com/abhi1269/Phase1.git
 ! [rejected]        master -> master (fetch first)
error: failed to push some refs to 'https://github.com/abhi1269/Phase1.git'
hint: Updates were rejected because the remote contains work that you do
hint: not have locally. This is usually caused by another repository pushing
hint: to the same ref. You may want to first integrate the remote changes
hint: (e.g., 'git pull ...') before pushing again.
hint: See the 'Note about fast-forwards' in 'git push --help' for details.
[root@ip-172-31-53-130 d1]# git remote add origin1 https://github.com/abhi1269/phase2.git
[root@ip-172-31-53-130 d1]# git push origin1 master
Username for 'https://github.com': abhi1269
Password for 'https://abhi1269@github.com':
To https://github.com/abhi1269/phase2.git
 ! [rejected]        master -> master (fetch first)
error: failed to push some refs to 'https://github.com/abhi1269/phase2.git'
hint: Updates were rejected because the remote contains work that you do
hint: not have locally. This is usually caused by another repository pushing
hint: to the same ref. You may want to first integrate the remote changes
hint: (e.g., 'git pull ...') before pushing again.
hint: See the 'Note about fast-forwards' in 'git push --help' for details.
[root@ip-172-31-53-130 d1]# git remote add origin2 https://github.com/abhi1269/Phase3.git
[root@ip-172-31-53-130 d1]# git push origin2 master
Username for 'https://github.com': abhi1269
Password for 'https://abhi1269@github.com':
Enumerating objects: 3, done.
Counting objects: 100% (3/3), done.
Writing objects: 100% (3/3), 242 bytes | 242.00 KiB/s, done.
Total 3 (delta 0), reused 0 (delta 0)
To https://github.com/abhi1269/Phase3.git
 * [new branch]      master -> master
[root@ip-172-31-53-130 d1]# git clone https://github.com/abhi1269/Phase3.git
Cloning into 'Phase3'...
remote: Enumerating objects: 9, done.
remote: Counting objects: 100% (9/9), done.
remote: Compressing objects: 100% (5/5), done.
remote: Total 9 (delta 1), reused 3 (delta 0), pack-reused 0
Unpacking objects: 100% (9/9), done.
[root@ip-172-31-53-130 d1]# ls -la
total 4
drwxr-xr-x. 4 root root  45 Jul  5 18:38 .
dr-xr-x---. 5 root root 194 Jul  5 18:21 ..
drwxr-xr-x. 8 root root 166 Jul  5 18:36 .git
-rw-r--r--. 1 root root  36 Jul  5 18:23 h.txt
drwxr-xr-x. 3 root root  61 Jul  5 18:38 Phase3
[root@ip-172-31-53-130 d1]# cd Phase3
[root@ip-172-31-53-130 Phase3]# vi k.txt
[root@ip-172-31-53-130 Phase3]# git add k.txt
[root@ip-172-31-53-130 Phase3]# git commit -m "k"
[master 4a11218] k
 Committer: root <root@ip-172-31-53-130.ec2.internal>
Your name and email address were configured automatically based
on your username and hostname. Please check that they are accurate.
You can suppress this message by setting them explicitly. Run the
following command and follow the instructions in your editor to edit
your configuration file:

    git config --global --edit

After doing this, you may fix the identity used for this commit with:

    git commit --amend --reset-author

 1 file changed, 3 insertions(+)
 create mode 100644 k.txt
[root@ip-172-31-53-130 Phase3]# git push origin2 master
fatal: 'origin2' does not appear to be a git repository
fatal: Could not read from remote repository.

Please make sure you have the correct access rights
and the repository exists.
[root@ip-172-31-53-130 Phase3]# cd ..
[root@ip-172-31-53-130 d1]# ls -la
total 4
drwxr-xr-x. 4 root root  45 Jul  5 18:38 .
dr-xr-x---. 5 root root 194 Jul  5 18:21 ..
drwxr-xr-x. 8 root root 166 Jul  5 18:36 .git
-rw-r--r--. 1 root root  36 Jul  5 18:23 h.txt
drwxr-xr-x. 3 root root  74 Jul  5 18:39 Phase3
[root@ip-172-31-53-130 d1]# vi k.txt
[root@ip-172-31-53-130 d1]# git add k.txt
[root@ip-172-31-53-130 d1]# git commit -m "k"
[master 1b6afb6] k
 Committer: root <root@ip-172-31-53-130.ec2.internal>
Your name and email address were configured automatically based
on your username and hostname. Please check that they are accurate.
You can suppress this message by setting them explicitly. Run the
following command and follow the instructions in your editor to edit
your configuration file:

    git config --global --edit

After doing this, you may fix the identity used for this commit with:

    git commit --amend --reset-author

 1 file changed, 2 insertions(+)
 create mode 100644 k.txt
[root@ip-172-31-53-130 d1]# git push origin2 master
Username for 'https://github.com': abhi1269
Password for 'https://abhi1269@github.com':
To https://github.com/abhi1269/Phase3.git
 ! [rejected]        master -> master (fetch first)
error: failed to push some refs to 'https://github.com/abhi1269/Phase3.git'
hint: Updates were rejected because the remote contains work that you do
hint: not have locally. This is usually caused by another repository pushing
hint: to the same ref. You may want to first integrate the remote changes
hint: (e.g., 'git pull ...') before pushing again.
hint: See the 'Note about fast-forwards' in 'git push --help' for details.
[root@ip-172-31-53-130 d1]# cd Phase3/
[root@ip-172-31-53-130 Phase3]# git push origin2 master
fatal: 'origin2' does not appear to be a git repository
fatal: Could not read from remote repository.

Please make sure you have the correct access rights
and the repository exists.
[root@ip-172-31-53-130 Phase3]# git remote add origin1 https://github.com/abhi1269/Phase3.git
[root@ip-172-31-53-130 Phase3]# git push origin1 master
Username for 'https://github.com': abhi1269
Password for 'https://abhi1269@github.com':
Enumerating objects: 4, done.
Counting objects: 100% (4/4), done.
Compressing objects: 100% (2/2), done.
Writing objects: 100% (3/3), 293 bytes | 293.00 KiB/s, done.
Total 3 (delta 1), reused 0 (delta 0)
remote: Resolving deltas: 100% (1/1), completed with 1 local object.
To https://github.com/abhi1269/Phase3.git
   d743040..4a11218  master -> master
[root@ip-172-31-53-130 Phase3]# ls -la
total 16
drwxr-xr-x. 3 root root  74 Jul  5 18:39 .
drwxr-xr-x. 4 root root  58 Jul  5 18:41 ..
drwxr-xr-x. 8 root root 185 Jul  5 18:42 .git
-rw-r--r--. 1 root root  36 Jul  5 18:38 h.txt
-rw-r--r--. 1 root root  19 Jul  5 18:38 j.txt
-rw-r--r--. 1 root root  34 Jul  5 18:39 k.txt
-rw-r--r--. 1 root root  16 Jul  5 18:38 README.md
[root@ip-172-31-53-130 Phase3]# vi new.txt
[root@ip-172-31-53-130 Phase3]# git add new.txt
[root@ip-172-31-53-130 Phase3]# git commit -m "new
> ^C
[root@ip-172-31-53-130 Phase3]# git commit -m "new""
> ^C
[root@ip-172-31-53-130 Phase3]# git commit -m "new"
[master 5bdb4de] new
 Committer: root <root@ip-172-31-53-130.ec2.internal>
Your name and email address were configured automatically based
on your username and hostname. Please check that they are accurate.
You can suppress this message by setting them explicitly. Run the
following command and follow the instructions in your editor to edit
your configuration file:

    git config --global --edit

After doing this, you may fix the identity used for this commit with:

    git commit --amend --reset-author

 1 file changed, 2 insertions(+)
 create mode 100644 new.txt
[root@ip-172-31-53-130 Phase3]# git push origin1 master
Username for 'https://github.com': abhi1269
Password for 'https://abhi1269@github.com':
To https://github.com/abhi1269/Phase3.git
 ! [rejected]        master -> master (fetch first)
error: failed to push some refs to 'https://github.com/abhi1269/Phase3.git'
hint: Updates were rejected because the remote contains work that you do
hint: not have locally. This is usually caused by another repository pushing
hint: to the same ref. You may want to first integrate the remote changes
hint: (e.g., 'git pull ...') before pushing again.
hint: See the 'Note about fast-forwards' in 'git push --help' for details.
[root@ip-172-31-53-130 Phase3]# git pull origin
remote: Enumerating objects: 4, done.
remote: Counting objects: 100% (4/4), done.
remote: Compressing objects: 100% (3/3), done.
remote: Total 3 (delta 1), reused 0 (delta 0), pack-reused 0
Unpacking objects: 100% (3/3), done.
From https://github.com/abhi1269/Phase3
   d743040..99b3765  master     -> origin/master
Merge made by the 'recursive' strategy.
 Log_20200705.txt | 575 +++++++++++++++++++++++++++++++++++++++++++++++++++++++++++++++++++++++++++++++++++++++++++++++++
 1 file changed, 575 insertions(+)
 create mode 100644 Log_20200705.txt
[root@ip-172-31-53-130 Phase3]# git push origin1 master
Username for 'https://github.com': abhi1269
Password for 'https://abhi1269@github.com':
Enumerating objects: 7, done.
Counting objects: 100% (7/7), done.
Compressing objects: 100% (4/4), done.
Writing objects: 100% (5/5), 520 bytes | 520.00 KiB/s, done.
Total 5 (delta 2), reused 0 (delta 0)
remote: Resolving deltas: 100% (2/2), completed with 1 local object.
To https://github.com/abhi1269/Phase3.git
   99b3765..47ab393  master -> master
[root@ip-172-31-53-130 Phase3]# ls -la
total 44
drwxr-xr-x. 3 root root   113 Jul  5 18:53 .
drwxr-xr-x. 4 root root    58 Jul  5 18:41 ..
drwxr-xr-x. 8 root root   220 Jul  5 18:53 .git
-rw-r--r--. 1 root root    36 Jul  5 18:38 h.txt
-rw-r--r--. 1 root root    19 Jul  5 18:38 j.txt
-rw-r--r--. 1 root root    34 Jul  5 18:39 k.txt
-rw-r--r--. 1 root root 23882 Jul  5 18:53 Log_20200705.txt
-rw-r--r--. 1 root root    10 Jul  5 18:50 new.txt
-rw-r--r--. 1 root root    16 Jul  5 18:38 README.md
[root@ip-172-31-53-130 Phase3]# git branch
* master
[root@ip-172-31-53-130 Phase3]# git branch c1
[root@ip-172-31-53-130 Phase3]# git checkout c1
Switched to branch 'c1'
[root@ip-172-31-53-130 Phase3]# git branch
* c1
  master
[root@ip-172-31-53-130 Phase3]# ls -la
total 44
drwxr-xr-x. 3 root root   113 Jul  5 18:53 .
drwxr-xr-x. 4 root root    58 Jul  5 18:41 ..
drwxr-xr-x. 8 root root   220 Jul  5 19:01 .git
-rw-r--r--. 1 root root    36 Jul  5 18:38 h.txt
-rw-r--r--. 1 root root    19 Jul  5 18:38 j.txt
-rw-r--r--. 1 root root    34 Jul  5 18:39 k.txt
-rw-r--r--. 1 root root 23882 Jul  5 18:53 Log_20200705.txt
-rw-r--r--. 1 root root    10 Jul  5 18:50 new.txt
-rw-r--r--. 1 root root    16 Jul  5 18:38 README.md
[root@ip-172-31-53-130 Phase3]# git l.txt
git: 'l.txt' is not a git command. See 'git --help'.
[root@ip-172-31-53-130 Phase3]# vi l.txt
[root@ip-172-31-53-130 Phase3]# git add l.txt
[root@ip-172-31-53-130 Phase3]# git commit -m "l"
[c1 1e873b0] l
 Committer: root <root@ip-172-31-53-130.ec2.internal>
Your name and email address were configured automatically based
on your username and hostname. Please check that they are accurate.
You can suppress this message by setting them explicitly. Run the
following command and follow the instructions in your editor to edit
your configuration file:

    git config --global --edit

After doing this, you may fix the identity used for this commit with:

    git commit --amend --reset-author

 1 file changed, 2 insertions(+)
 create mode 100644 l.txt
[root@ip-172-31-53-130 Phase3]# git push origin b1
error: src refspec b1 does not match any.
error: failed to push some refs to 'https://github.com/abhi1269/Phase3.git'
[root@ip-172-31-53-130 Phase3]# git remote add https://github.com/abhi1269/Phase3.git
usage: git remote add [<options>] <name> <url>

    -f, --fetch           fetch the remote branches
    --tags                import all tags and associated objects when fetching
                          or do not fetch any tag at all (--no-tags)
    -t, --track <branch>  branch(es) to track
    -m, --master <branch>
                          master branch
    --mirror[=<push|fetch>]
                          set up remote as a mirror to push to or fetch from

[root@ip-172-31-53-130 Phase3]# git push origin c1
Username for 'https://github.com': abhi1269
Password for 'https://abhi1269@github.com':
Enumerating objects: 4, done.
Counting objects: 100% (4/4), done.
Compressing objects: 100% (2/2), done.
Writing objects: 100% (3/3), 271 bytes | 271.00 KiB/s, done.
Total 3 (delta 1), reused 0 (delta 0)
remote: Resolving deltas: 100% (1/1), completed with 1 local object.
remote:
remote: Create a pull request for 'c1' on GitHub by visiting:
remote:      https://github.com/abhi1269/Phase3/pull/new/c1
remote:
To https://github.com/abhi1269/Phase3.git
 * [new branch]      c1 -> c1
[root@ip-172-31-53-130 Phase3]#[root@ip-172-31-53-130 Phase3]# git add z.txt
[root@ip-172-31-53-130 Phase3]# git commit -m "z"
-bash: -rw-r--r--.: command not found
[root@ip-172-31-53-130 Phase3]# [root@ip-172-31-53-130 Phase3]# vi z.txt
-bash: [root@ip-172-31-53-130: command not found
[root@ip-172-31-53-130 Phase3]# [root@ip-172-31-53-130 Phase3]# git add z.txt
-bash: [root@ip-172-31-53-130: command not found
[root@ip-172-31-53-130 Phase3]# [root@ip-172-31-53-130 Phase3]# git commit -m "z"
-bash: [root@ip-172-31-53-130: command not found
[root@ip-172-31-53-130 Phase3]# [c1 fab983c] z
-bash: [c1: command not found
[root@ip-172-31-53-130 Phase3]#  Committer: root <root@ip-172-31-53-130.ec2.internal>
-bash: syntax error near unexpected token `newline'
[root@ip-172-31-53-130 Phase3]# Your name and email address were configured automatically based
-bash: Your: command not found
[root@ip-172-31-53-130 Phase3]# on your username and hostname. Please check that they are accurate.

    git commit --amend --reset-author
-bash: on: command not found
[root@ip-172-31-53-130 Phase3]# You can suppress this message by setting them explicitly. Run the

-bash: You: command not found
[root@ip-172-31-53-130 Phase3]# following command and follow the instructions in your editor to edit
 1 file changed, 3 insertions(+)
 create mode 100644 z.txt
[root@ip-172-31-53-130 Phase3]# git push origin c1
Username for 'https://github.com': abhi1269
Password for 'https://abhi1269@github.com':
To https://github.com/abhi1269/Phase3.git
 ! [rejected]        c1 -> c1 (fetch first)
error: failed to push some refs to 'https://github.com/abhi1269/Phase3.git'
hint: Updates were rejected because the remote contains work that you do
hint: not have locally. This is usually caused by another repository pushing
hint: to the same ref. You may want to first integrate the remote changes
hint: (e.g., 'git pull ...') before pushing again.
hint: See the 'Note about fast-forwards' in 'git push --help' for details.
[root@ip-172-31-53-130 Phase3]# git pull origin
remote: Enumerating objects: 4, done.
remote: Counting objects: 100% (4/4), done.
remote: Compressing objects: 100% (3/3), done.
-bash: following: command not found
[root@ip-172-31-53-130 Phase3]# your configuration file:
remote: Total 3 (delta 1), reused 0 (delta 0), pack-reused 0
Unpacking objects: 100% (3/3), done.
From https://github.com/abhi1269/Phase3
-bash: your: command not found
[root@ip-172-31-53-130 Phase3]#
[root@ip-172-31-53-130 Phase3]#     git config --global --edit
   1e873b0..bda406b  c1         -> origin/c1
   99b3765..47ab393  master     -> origin/master
You asked to pull from the remote 'origin', but did not specify
a branch. Because this is not the default configured remote
for your current branch, you must specify a branch on the command line.
[root@ip-172-31-53-130 Phase3]# ls -la
total 52
drwxr-xr-x. 3 root root   139 Jul  5 19:14 .
drwxr-xr-x. 4 root root    58 Jul  5 18:41 ..
drwxr-xr-x. 8 root root   220 Jul  5 19:15 .git
-rw-r--r--. 1 root root    36 Jul  5 18:38 h.txt
-rw-r--r--. 1 root root    19 Jul  5 18:38 j.txt
-rw-r--r--. 1 root root    34 Jul  5 18:39 k.txt
-rw-r--r--. 1 root root 23882 Jul  5 18:53 Log_20200705.txt
-rw-r--r--. 1 root root    13 Jul  5 19:02 l.txt
-rw-r--r--. 1 root root    10 Jul  5 18:50 new.txt
-rw-r--r--. 1 root root    16 Jul  5 18:38 README.md
-rw-r--r--. 1 root root    15 Jul  5 19:14 z.txt
[root@ip-172-31-53-130 Phase3]# git pull origin c1
From https://github.com/abhi1269/Phase3
 * branch            c1         -> FETCH_HEAD
Merge made by the 'recursive' strategy.
 Practice_log_20200505.txt | 363 ++++++++++++++++++++++++++++++++++++++++++++++++++++++++++++++++++++++++++++++++++++++++
 1 file changed, 363 insertions(+)
 create mode 100644 Practice_log_20200505.txt
[root@ip-172-31-53-130 Phase3]# ls -la
total 68
drwxr-xr-x. 3 root root   172 Jul  5 19:16 .
drwxr-xr-x. 4 root root    58 Jul  5 18:41 ..
drwxr-xr-x. 8 root root   220 Jul  5 19:16 .git
-rw-r--r--. 1 root root    36 Jul  5 18:38 h.txt
-rw-r--r--. 1 root root    19 Jul  5 18:38 j.txt
-rw-r--r--. 1 root root    34 Jul  5 18:39 k.txt
-rw-r--r--. 1 root root 23882 Jul  5 18:53 Log_20200705.txt
hint: Waiting for your editor to close the file...
From https://github.com/abhi1269/Phase3
 * branch            c1         -> FETCH_HEAD
Merge made by the 'recursive' strategy.
 Practice_log_20200505.txt | 363 ++++++++++++++++++++++++++++++++++++++++++++++++++++++++++++++++++++++++++++++++++++++++
 1 file changed, 363 insertions(+)
 create mode 100644 Practice_log_20200505.txt
[root@ip-172-31-53-130 Phase3]# ls -la
total 68
drwxr-xr-x. 3 root root   172 Jul  5 19:16 .
drwxr-xr-x. 4 root root    58 Jul  5 18:41 ..
drwxr-xr-x. 8 root root   220 Jul  5 19:16 .git
-rw-r--r--. 1 root root    36 Jul  5 18:38 h.txt
-rw-r--r--. 1 root root    19 Jul  5 18:38 j.txt
-rw-r--r--. 1 root root    34 Jul  5 18:39 k.txt
-rw-r--r--. 1 root root 23882 Jul  5 18:53 Log_20200705.txt
-rw-r--r--. 1 root root    13 Jul  5 19:02 l.txt
-rw-r--r--. 1 root root    10 Jul  5 18:50 new.txt
-rw-r--r--. 1 root root 15786 Jul  5 19:16 Practice_log_20200505.txt
-rw-r--r--. 1 root root    16 Jul  5 18:38 README.md
-rw-r--r--. 1 root root    15 Jul  5 19:14 z.txt
[root@ip-172-31-53-130 Phase3]# git push origin c1
Username for 'https://github.com': abhi1269
Password for 'https://abhi1269@github.com':
Enumerating objects: 7, done.
Counting objects: 100% (7/7), done.
Compressing objects: 100% (4/4), done.
Writing objects: 100% (5/5), 523 bytes | 523.00 KiB/s, done.
Total 5 (delta 2), reused 0 (delta 0)
remote: Resolving deltas: 100% (2/2), completed with 1 local object.
To https://github.com/abhi1269/Phase3.git
   bda406b..4bb28a2  c1 -> c1
[root@ip-172-31-53-130 Phase3]#
